Change Component Footprint: Designator=D? Old Footprint=FP-SOD123-MFG New Footprint=FP-SOD123-MFG
Added Component: Designator=CI1(CH340C)
Add component (AddParameter): Name = "Availability"; Value = "Not in stock"; VariantName = "[No Variations]"
Add component (AddParameter): Name = "Check_prices"; Value = "https://www.snapeda.com/parts/CH340C/WCH/view-part/?ref=eda"; VariantName = "[No Variations]"
Add component (AddParameter): Name = "MF"; Value = "WCH"; VariantName = "[No Variations]"
Add component (AddParameter): Name = "MP"; Value = "CH340C"; VariantName = "[No Variations]"
Add component (AddParameter): Name = "Package"; Value = "None"; VariantName = "[No Variations]"
Add component (AddParameter): Name = "Price"; Value = "None"; VariantName = "[No Variations]"
Add component (AddParameter): Name = "SnapEDA_Link"; Value = "https://www.snapeda.com/parts/CH340C/WCH/view-part/?ref=snap"; VariantName = "[No Variations]"
Add component (AddParameter): Name = "Value"; Value = ""; VariantName = "[No Variations]"
Added Component: Designator=D4(FP-SOD123-MFG)
Add component (AddParameter): Name = "Average Rectified Current"; Value = "1A"; VariantName = "[No Variations]"
Add component (AddParameter): Name = "Capacitance"; Value = "110pF"; VariantName = "[No Variations]"
Add component (AddParameter): Name = "Case/Package"; Value = "SOD-123-2"; VariantName = "[No Variations]"
Add component (AddParameter): Name = "Contact Plating"; Value = "Tin"; VariantName = "[No Variations]"
Add component (AddParameter): Name = "Current Rating"; Value = "1A"; VariantName = "[No Variations]"
Add component (AddParameter): Name = "Element Configuration"; Value = "Single"; VariantName = "[No Variations]"
Add component (AddParameter): Name = "Forward Current"; Value = "1A"; VariantName = "[No Variations]"
Add component (AddParameter): Name = "Forward Voltage"; Value = "450mV"; VariantName = "[No Variations]"
Add component (AddParameter): Name = "Height"; Value = "1.25mm"; VariantName = "[No Variations]"
Add component (AddParameter): Name = "Lead Free"; Value = "Lead Free"; VariantName = "[No Variations]"
Add component (AddParameter): Name = "Length"; Value = "2.85mm"; VariantName = "[No Variations]"
Add component (AddParameter): Name = "Max Forward Surge Current (Ifsm)"; Value = "25A"; VariantName = "[No Variations]"
Add component (AddParameter): Name = "Max Operating Temperature"; Value = "125°C"; VariantName = "[No Variations]"
Add component (AddParameter): Name = "Max Power Dissipation"; Value = "450mW"; VariantName = "[No Variations]"
Add component (AddParameter): Name = "Max Repetitive Reverse Voltage (Vrrm)"; Value = "40V"; VariantName = "[No Variations]"
Add component (AddParameter): Name = "Max Reverse Voltage (DC)"; Value = "40V"; VariantName = "[No Variations]"
Add component (AddParameter): Name = "Min Operating Temperature"; Value = "-65°C"; VariantName = "[No Variations]"
Add component (AddParameter): Name = "Number of Pins"; Value = "2"; VariantName = "[No Variations]"
Add component (AddParameter): Name = "Output Current"; Value = "1A"; VariantName = "[No Variations]"
Add component (AddParameter): Name = "Package Quantity"; Value = "3000"; VariantName = "[No Variations]"
Add component (AddParameter): Name = "Packaging"; Value = "Tape and Reel"; VariantName = "[No Variations]"
Add component (AddParameter): Name = "Peak Non-Repetitive Surge Current"; Value = "25A"; VariantName = "[No Variations]"
Add component (AddParameter): Name = "Peak Reverse Current"; Value = "50uA"; VariantName = "[No Variations]"
Add component (AddParameter): Name = "Polarity"; Value = "Standard"; VariantName = "[No Variations]"
Add component (AddParameter): Name = "Radiation Hardening"; Value = "No"; VariantName = "[No Variations]"
Add component (AddParameter): Name = "REACH SVHC"; Value = "No SVHC"; VariantName = "[No Variations]"
Add component (AddParameter): Name = "Termination"; Value = "SMD/SMT"; VariantName = "[No Variations]"
Add component (AddParameter): Name = "Voltage Rating (DC)"; Value = "40V"; VariantName = "[No Variations]"
Add component (AddParameter): Name = "Weight"; Value = "0.000353oz"; VariantName = "[No Variations]"
Add component (AddParameter): Name = "Width"; Value = "1.7mm"; VariantName = "[No Variations]"
Added Component: Designator=D5(LFUS-SOT143-4_V)
Add component (AddParameter): Name = "Capacitance Value"; Value = "30pF"; VariantName = "[No Variations]"
Add component (AddParameter): Name = "Clamping Voltage"; Value = "8V"; VariantName = "[No Variations]"
Add component (AddParameter): Name = "Clamping Voltage (Max)"; Value = "8V"; VariantName = "[No Variations]"
Add component (AddParameter): Name = "Configuration"; Value = "Triple"; VariantName = "[No Variations]"
Add component (AddParameter): Name = "Datasheet URL"; Value = "https://datasheet.ciiva.com/15143/getdatasheetpartid-116020-15143550.pdf"; VariantName = "[No Variations]"
Add component (AddParameter): Name = "Datasheet Version"; Value = "Dec-13"; VariantName = "[No Variations]"
Add component (AddParameter): Name = "Direction Type"; Value = "Uni-Directional"; VariantName = "[No Variations]"
Add component (AddParameter): Name = "Leakage Current"; Value = "0.1uA"; VariantName = "[No Variations]"
Add component (AddParameter): Name = "Leakage Current (Max)"; Value = "0.1uA"; VariantName = "[No Variations]"
Add component (AddParameter): Name = "Manufacturer"; Value = "Littelfuse"; VariantName = "[No Variations]"
Add component (AddParameter): Name = "Manufacturer URL"; Value = "http://www.littelfuse.com/"; VariantName = "[No Variations]"
Add component (AddParameter): Name = "Mounting"; Value = "SurfaceMount"; VariantName = "[No Variations]"
Add component (AddParameter): Name = "Mounting Style"; Value = "SurfaceMount"; VariantName = "[No Variations]"
Add component (AddParameter): Name = "Number of Elements"; Value = "3"; VariantName = "[No Variations]"
Add component (AddParameter): Name = "Operating Temp Range"; Value = "-40Cto85C"; VariantName = "[No Variations]"
Add component (AddParameter): Name = "Operating Temperature Classification"; Value = "Industrial"; VariantName = "[No Variations]"
Add component (AddParameter): Name = "Operating Temperature Max Deg. C"; Value = "85C"; VariantName = "[No Variations]"
Add component (AddParameter): Name = "Operating Temperature Min Deg. C"; Value = "-40C"; VariantName = "[No Variations]"
Add component (AddParameter): Name = "Package / Case"; Value = "SOT-143"; VariantName = "[No Variations]"
Add component (AddParameter): Name = "Package Type"; Value = "SOT-143"; VariantName = "[No Variations]"
Add component (AddParameter): Name = "Packaging"; Value = "TapeandReel"; VariantName = "[No Variations]"
Add component (AddParameter): Name = "Pin Count"; Value = "3+Tab"; VariantName = "[No Variations]"
Add component (AddParameter): Name = "Polarity"; Value = "Uni-Directional"; VariantName = "[No Variations]"
Add component (AddParameter): Name = "Product Depth (mm)"; Value = "1.4mm"; VariantName = "[No Variations]"
Add component (AddParameter): Name = "Product Height (mm)"; Value = "1.05mm"; VariantName = "[No Variations]"
Add component (AddParameter): Name = "Product Length (mm)"; Value = "3.04mm"; VariantName = "[No Variations]"
Add component (AddParameter): Name = "Rad Hardened"; Value = "No"; VariantName = "[No Variations]"
Add component (AddParameter): Name = "Reverse Stand-off Voltage"; Value = "5.5(Min)V"; VariantName = "[No Variations]"
Add component (AddParameter): Name = "Suppressor Type"; Value = "TVS"; VariantName = "[No Variations]"
Add component (AddParameter): Name = "Working Voltage"; Value = "5.5V"; VariantName = "[No Variations]"
Add component (AddParameter): Name = "Working Voltage (Max)"; Value = "5.5V(Min)"; VariantName = "[No Variations]"
Added Component: Designator=J2(Micro USB)
Add component (AddParameter): Name = "Availability"; Value = "Unavailable"; VariantName = "[No Variations]"
Add component (AddParameter): Name = "MF"; Value = "Amphenol ICC"; VariantName = "[No Variations]"
Add component (AddParameter): Name = "MP"; Value = "10118193-0001LF"; VariantName = "[No Variations]"
Add component (AddParameter): Name = "Package"; Value = "None"; VariantName = "[No Variations]"
Add component (AddParameter): Name = "Price"; Value = "None"; VariantName = "[No Variations]"
Add component (AddParameter): Name = "SnapEDA_Link"; Value = "https://www.snapeda.com/parts/10118193-0001LF/Amphenol%20FCI/view-part/2758989/?ref=snap"; VariantName = "[No Variations]"
Add component (AddParameter): Name = "Value"; Value = ""; VariantName = "[No Variations]"
Added Component: Designator=Q2(SOT95P240X120-3N)
Add component (AddParameter): Name = "Check_prices"; Value = "https://www.snapeda.com/parts/BC817/Rectron/view-part/?ref=eda"; VariantName = "[No Variations]"
Add component (AddParameter): Name = "MF"; Value = "Rectron"; VariantName = "[No Variations]"
Add component (AddParameter): Name = "MP"; Value = "BC817"; VariantName = "[No Variations]"
Add component (AddParameter): Name = "Package"; Value = "SOT-23-3 Rectron"; VariantName = "[No Variations]"
Add component (AddParameter): Name = "SnapEDA_Link"; Value = "https://www.snapeda.com/parts/BC817/Rectron/view-part/?ref=snap"; VariantName = "[No Variations]"
Add component (AddParameter): Name = "Value"; Value = ""; VariantName = "[No Variations]"
Added Component: Designator=Q3(SOT95P240X120-3N)
Add component (AddParameter): Name = "Check_prices"; Value = "https://www.snapeda.com/parts/BC817/Rectron/view-part/?ref=eda"; VariantName = "[No Variations]"
Add component (AddParameter): Name = "MF"; Value = "Rectron"; VariantName = "[No Variations]"
Add component (AddParameter): Name = "MP"; Value = "BC817"; VariantName = "[No Variations]"
Add component (AddParameter): Name = "Package"; Value = "SOT-23-3 Rectron"; VariantName = "[No Variations]"
Add component (AddParameter): Name = "SnapEDA_Link"; Value = "https://www.snapeda.com/parts/BC817/Rectron/view-part/?ref=snap"; VariantName = "[No Variations]"
Add component (AddParameter): Name = "Value"; Value = ""; VariantName = "[No Variations]"
Added Component: Designator=R12(Resistor SMD 0603)
Add component (AddParameter): Name = "Size"; Value = "0603"; VariantName = "[No Variations]"
Add component (AddParameter): Name = "Value"; Value = "47K"; VariantName = "[No Variations]"
Added Component: Designator=R13(Resistor SMD 0603)
Add component (AddParameter): Name = "Size"; Value = "0603"; VariantName = "[No Variations]"
Add component (AddParameter): Name = "Value"; Value = "22K"; VariantName = "[No Variations]"
Added Component: Designator=R14(Resistor SMD 0603)
Add component (AddParameter): Name = "Size"; Value = "0603"; VariantName = "[No Variations]"
Add component (AddParameter): Name = "Value"; Value = "10K"; VariantName = "[No Variations]"
Added Component: Designator=R15(Resistor SMD 0603)
Add component (AddParameter): Name = "Size"; Value = "0603"; VariantName = "[No Variations]"
Add component (AddParameter): Name = "Value"; Value = "10K"; VariantName = "[No Variations]"
Added Pin To Net: NetName=GND Pin=CI1-1
Added Pin To Net: NetName=TX Pin=CI1-2
Added Pin To Net: NetName=RX Pin=CI1-3
Added Pin To Net: NetName=5V Pin=CI1-4
Added Pin To Net: NetName=5V Pin=CI1-16
Added Pin To Net: NetName=5V Pin=D4-1
Added Pin To Net: NetName=GND Pin=D5-1
Added Pin To Net: NetName=GND Pin=J2-5
Added Pin To Net: NetName=GND Pin=J2-S1
Added Pin To Net: NetName=GND Pin=J2-S2
Added Pin To Net: NetName=GND Pin=J2-S3
Added Pin To Net: NetName=GND Pin=J2-S4
Added Pin To Net: NetName=GND Pin=J2-S5
Added Pin To Net: NetName=GND Pin=J2-S6
Added Pin To Net: NetName=BOOT Pin=Q2-3
Added Pin To Net: NetName=5V Pin=R12-1
Added Pin To Net: NetName=GND Pin=R12-2
Added Pin To Net: NetName=5V Pin=R13-2
Added Pin To Net: NetName=D_N Pin=CI1-6
Added Pin To Net: NetName=D_N Pin=D5-3
Added Pin To Net: NetName=D_N Pin=J2-2
Added Net: Name=D_N
Added Pin To Net: NetName=D_P Pin=CI1-5
Added Pin To Net: NetName=D_P Pin=D5-4
Added Pin To Net: NetName=D_P Pin=J2-3
Added Net: Name=D_P
Added Pin To Net: NetName=ENABLE Pin=Q3-3
Added Net: Name=ENABLE
Added Pin To Net: NetName=NetCI1_13 Pin=CI1-13
Added Pin To Net: NetName=NetCI1_13 Pin=Q2-2
Added Pin To Net: NetName=NetCI1_13 Pin=R15-2
Added Net: Name=NetCI1_13
Added Pin To Net: NetName=NetCI1_14 Pin=CI1-14
Added Pin To Net: NetName=NetCI1_14 Pin=Q3-2
Added Pin To Net: NetName=NetCI1_14 Pin=R14-2
Added Net: Name=NetCI1_14
Added Pin To Net: NetName=NetD4_2 Pin=D4-2
Added Pin To Net: NetName=NetD4_2 Pin=D5-2
Added Pin To Net: NetName=NetD4_2 Pin=J2-1
Added Pin To Net: NetName=NetD4_2 Pin=R13-1
Added Net: Name=NetD4_2
Added Pin To Net: NetName=NetQ2_1 Pin=Q2-1
Added Pin To Net: NetName=NetQ2_1 Pin=R14-1
Added Net: Name=NetQ2_1
Added Pin To Net: NetName=NetQ3_1 Pin=Q3-1
Added Pin To Net: NetName=NetQ3_1 Pin=R15-1
Added Net: Name=NetQ3_1
Added Differential Pair: Name=D
Added Member To Class: ClassName=Esquematico Member=Component CI1 CH340C
Add Class Member: Failed to add class member : Component CONECTOR Estimulante1 BM02B-SRSS-TB(LF)(SN)
Add Class Member: Failed to add class member : Component D3 1N5819HW-7-F
Added Member To Class: ClassName=Esquematico Member=Component D4 1N5819HW-7-F
Added Member To Class: ClassName=Esquematico Member=Component D5 SP0503BAHTG
Added Member To Class: ClassName=Esquematico Member=Component J2 Micro USB
Add Class Member: Failed to add class member : Component LED2 Red
Add Class Member: Failed to add class member : Component MODULO_USB1 Header 6
Added Member To Class: ClassName=Esquematico Member=Component Q2 BC817
Added Member To Class: ClassName=Esquematico Member=Component Q3 BC817
Added Member To Class: ClassName=Esquematico Member=Component R12 Resistor SMD
Added Member To Class: ClassName=Esquematico Member=Component R13 Resistor SMD
Added Member To Class: ClassName=Esquematico Member=Component R14 Resistor SMD
Added Member To Class: ClassName=Esquematico Member=Component R15 Resistor SMD
