Removed Pin From Net: NetName=GND Pin=C9-1
Removed Pin From Net: NetName=3V3 Pin=C9-2
Removed Pin From Net: NetName=GND Pin=C10-1
Removed Pin From Net: NetName=3V3 Pin=C10-2
Removed Pin From Net: NetName=GND Pin=C11-1
Removed Pin From Net: NetName=GND Pin=C12-1
Removed Pin From Net: NetName=GND Pin=C16-1
Removed Pin From Net: NetName=VDD_STM Pin=C16-2
Removed Pin From Net: NetName=GND Pin=C17-1
Removed Pin From Net: NetName=VDD_STM Pin=C17-2
Removed Pin From Net: NetName=3V3 Pin=STM32-1
Removed Pin From Net: NetName=NetBtn NRST_2 Pin=STM32-7
Removed Pin From Net: NetName=GND Pin=STM32-12
Removed Pin From Net: NetName=3V3 Pin=STM32-13
Removed Pin From Net: NetName=GND Pin=STM32-18
Removed Pin From Net: NetName=VDD_STM Pin=STM32-19
Removed Pin From Net: NetName=MedidorDeBateria Pin=STM32-26
Removed Pin From Net: NetName=GND Pin=STM32-31
Removed Pin From Net: NetName=VDD_STM Pin=STM32-32
Removed Pin From Net: NetName=Led1 Pin=STM32-36
Removed Pin From Net: NetName=Led2 Pin=STM32-41
Removed Pin From Net: NetName=Botão1 Pin=STM32-42
Removed Pin From Net: NetName=Botão2 Pin=STM32-43
Removed Pin From Net: NetName=D_N Pin=STM32-44
Removed Pin From Net: NetName=D_P Pin=STM32-45
Removed Pin From Net: NetName=GND Pin=STM32-47
Removed Pin From Net: NetName=VDD_STM Pin=STM32-48
Removed Pin From Net: NetName=NetBtn Boot1_2 Pin=STM32-60
Removed Pin From Net: NetName=Estimulante Pin=STM32-61
Removed Pin From Net: NetName=GND Pin=STM32-63
Removed Pin From Net: NetName=VDD_STM Pin=STM32-64
Removed Member From Class: ClassName=Esquematico Member=C12
Removed Member From Class: ClassName=Esquematico Member=C13
Removed Member From Class: ClassName=Esquematico Member=C14
Removed Member From Class: ClassName=Esquematico Member=C15
Removed Member From Class: ClassName=Esquematico Member=C16
Removed Member From Class: ClassName=Esquematico Member=C17
Removed Member From Class: ClassName=Esquematico Member=STM32
Added Component: Designator=STM1(QFP50P900X900X160-48N)
Add component (AddParameter): Name = "Arrow Part Number"; Value = ""; VariantName = "[No Variations]"
Add component (AddParameter): Name = "Arrow Price/Stock"; Value = ""; VariantName = "[No Variations]"
Add component (AddParameter): Name = "Datasheet Link"; Value = "https://www.st.com/resource/en/datasheet/stm32c031c4.pdf"; VariantName = "[No Variations]"
Add component (AddParameter): Name = "Height"; Value = "1.6mm"; VariantName = "[No Variations]"
Add component (AddParameter): Name = "Manufacturer_Name"; Value = "STMicroelectronics"; VariantName = "[No Variations]"
Add component (AddParameter): Name = "Manufacturer_Part_Number"; Value = "STM32C031C6T3"; VariantName = "[No Variations]"
Add component (AddParameter): Name = "Mouser Part Number"; Value = ""; VariantName = "[No Variations]"
Add component (AddParameter): Name = "Mouser Price/Stock"; Value = ""; VariantName = "[No Variations]"
Added Pin To Net: NetName=3V3 Pin=STM1-5
Added Pin To Net: NetName=VDD_STM Pin=STM1-6
Added Pin To Net: NetName=GND Pin=STM1-7
Added Pin To Net: NetName=NetBtn NRST_2 Pin=STM1-10
Added Pin To Net: NetName=MedidorDeBateria Pin=STM1-19
Added Pin To Net: NetName=Estimulante Pin=STM1-20
Added Pin To Net: NetName=Led1 Pin=STM1-27
Added Pin To Net: NetName=Led2 Pin=STM1-28
Added Pin To Net: NetName=Botão1 Pin=STM1-29
Added Pin To Net: NetName=Botão2 Pin=STM1-32
Added Pin To Net: NetName=D_N Pin=STM1-33
Added Pin To Net: NetName=D_P Pin=STM1-34
Added Pin To Net: NetName=NetBtn Boot1_2 Pin=STM1-36
Change Net Name : Old Net Name=NetBtn NRST_2 New Net Name=NetBtn NRST1_2
Add Class Member: Failed to add class member : Component CONECTOR Estimulante1 BM02B-SRSS-TB(LF)(SN)
Add Class Member: Failed to add class member : Component LED2 Red
Added Member To Class: ClassName=Esquematico Member=Component STM1 STM32C031C6T3
